// Jest Snapshot v1, https://goo.gl/fbAQLP

exports[`Autocomplete matches HTML snaphot 1`] = `
<DocumentFragment>
  <div
    class="ant-select ant-select-auto-complete ant-select-single ant-select-show-search"
    data-testid="search-bar"
    style="width: 400px;"
  >
    <div
      class="ant-select-selector"
    >
      <span
        class="ant-select-selection-search"
      >
        <input
          aria-activedescendant="rc_select_TEST_OR_SSR_list_0"
          aria-autocomplete="list"
          aria-controls="rc_select_TEST_OR_SSR_list"
          aria-haspopup="listbox"
          aria-owns="rc_select_TEST_OR_SSR_list"
          autocomplete="off"
          class="ant-select-selection-search-input"
          id="rc_select_TEST_OR_SSR"
          role="combobox"
          type="search"
          value=""
        />
      </span>
      <span
        class="ant-select-selection-placeholder"
      >
        Vyhledejte firmu
      </span>
    </div>
  </div>
</DocumentFragment>
`;

exports[`Autocomplete matches image snaphot 1`] = `
<DocumentFragment>
  <div
    class="ant-select ant-select-auto-complete ant-select-single ant-select-show-search"
    data-testid="search-bar"
    style="width: 400px;"
  >
    <div
      class="ant-select-selector"
    >
      <span
        class="ant-select-selection-search"
      >
        <input
          aria-activedescendant="rc_select_TEST_OR_SSR_list_0"
          aria-autocomplete="list"
          aria-controls="rc_select_TEST_OR_SSR_list"
          aria-haspopup="listbox"
          aria-owns="rc_select_TEST_OR_SSR_list"
          autocomplete="off"
          class="ant-select-selection-search-input"
          id="rc_select_TEST_OR_SSR"
          role="combobox"
          type="search"
          value=""
        />
      </span>
      <span
        class="ant-select-selection-placeholder"
      >
        Vyhledejte firmu
      </span>
    </div>
  </div>
</DocumentFragment>
`;
